[debug] [2026-10-02T18:37:11.180Z] ----------------------------------------------------------------------
[debug] [2026-10-02T18:37:11.182Z] Command:       C:\Program Files\nodejs\node.exe C:\Users\Cliente\AppData\Roaming\npm\node_modules\firebase-tools\lib\bin\firebase.js init hosting
[debug] [2026-10-02T18:37:11.182Z] CLI Version:   15.32.1
[debug] [2026-10-02T18:37:11.182Z] Platform:      win32
[debug] [2026-10-02T18:37:11.182Z] Node Version:  v22.20.0
[debug] [2026-10-02T18:37:11.182Z] Detected Agent: unknown
[debug] [2026-10-02T18:37:11.183Z] Time:          Fri Oct 02 2026 15:37:11 GMT-0300 (Horário Padrão de Brasília)
[debug] [2026-10-02T18:37:11.183Z] ----------------------------------------------------------------------
[debug] 
[info] 
     ######## #### ########  ######## ########     ###     ######  ########
     ##        ##  ##     ## ##       ##     ##  ##   ##  ##       ##
     ######    ##  ########  ######   ########  #########  ######  ######
     ##        ##  ##    ##  ##       ##     ## ##     ##       ## ##
     ##       #### ##     ## ######## ########  ##     ##  ######  ########

You're about to initialize a Firebase project in this directory:

  C:\Users\Cliente

Before we get started, keep in mind:

  * You are initializing within an existing Firebase project directory

[info] 
=== Project Setup
[info] 
[info] First, let's associate this project directory with a Firebase project.
[info] You can create multiple project aliases by running firebase use --add, 
[info] 
[debug] [2026-10-02T18:37:23.131Z] > command requires scopes: ["email","openid","https://www.googleapis.com/auth/cloudplatformprojects.readonly","https://www.googleapis.com/auth/firebase","https://www.googleapis.com/auth/cloud-platform"]
[debug] [2026-10-02T18:37:23.132Z] > authorizing via signed-in user (2anobescola01@gmail.com)
[debug] [2026-10-02T18:37:23.140Z] Checked if tokens are valid: false, expires at: 1774382612389
[debug] [2026-10-02T18:37:23.140Z] Checked if tokens are valid: false, expires at: 1774382612389
[debug] [2026-10-02T18:37:23.140Z] > refreshing access token with scopes: []
[debug] [2026-10-02T18:37:23.142Z] >>> [apiv2][query] POST https://www.googleapis.com/oauth2/v3/token [none]
[debug] [2026-10-02T18:37:23.142Z] >>> [apiv2][body] POST https://www.googleapis.com/oauth2/v3/token [omitted]
[debug] [2026-10-02T18:37:23.512Z] <<< [apiv2][status] POST https://www.googleapis.com/oauth2/v3/token 403
[debug] [2026-10-02T18:37:23.512Z] <<< [apiv2][body] POST https://www.googleapis.com/oauth2/v3/token [omitted]
[error] Authentication Error: Your credentials are no longer valid. Please run firebase login --reauth

For CI servers and headless environments, generate a new token with firebase login:ci
[error] Authentication Error: Your credentials are no longer valid. Please run firebase login --reauth

For CI servers and headless environments, generate a new token with firebase login:ci
[debug] [2026-10-02T18:37:23.512Z] Authentication Error: Your credentials are no longer valid. Please run firebase login --reauth

For CI servers and headless environments, generate a new token with firebase login:ci
[debug] [2026-10-02T18:37:23.802Z] FirebaseError: Authentication Error: Your credentials are no longer valid. Please run firebase login --reauth

For CI servers and headless environments, generate a new token with firebase login:ci
    at invalidCredentialError (C:\Users\Cliente\AppData\Roaming\npm\node_modules\firebase-tools\lib\auth.js:178:12)
    at refreshTokens (C:\Users\Cliente\AppData\Roaming\npm\node_modules\firebase-tools\lib\auth.js:607:15)
    at process.processTicksAndRejections (node:internal/process/task_queues:105:5)
    at async getAccessToken (C:\Users\Cliente\AppData\Roaming\npm\node_modules\firebase-tools\lib\apiv2.js:53:18)
    at async Client.addAuthHeader (C:\Users\Cliente\AppData\Roaming\npm\node_modules\firebase-tools\lib\apiv2.js:209:21)
    at async Client.request (C:\Users\Cliente\AppData\Roaming\npm\node_modules\firebase-tools\lib\apiv2.js:156:34)
    at async getFirebaseProject (C:\Users\Cliente\AppData\Roaming\npm\node_modules\firebase-tools\lib\management\projects.js:375:21)
    at async usingProject (C:\Users\Cliente\AppData\Roaming\npm\node_modules\firebase-tools\lib\init\features\project.js:77:16)
    at async Object.doSetup (C:\Users\Cliente\AppData\Roaming\npm\node_modules\firebase-tools\lib\init\features\project.js:29:9)
    at async init (C:\Users\Cliente\AppData\Roaming\npm\node_modules\firebase-tools\lib\init\index.js:98:13)
[error] 
[error] Error: Failed to get Firebase project futuroinvest-174b4. Please make sure the project exists and your account has permission to access it.
[debug] [2026-10-02T18:37:43.060Z] ----------------------------------------------------------------------
[debug] [2026-10-02T18:37:43.062Z] Command:       C:\Program Files\nodejs\node.exe C:\Users\Cliente\AppData\Roaming\npm\node_modules\firebase-tools\lib\bin\firebase.js init hosting
[debug] [2026-10-02T18:37:43.063Z] CLI Version:   15.32.1
[debug] [2026-10-02T18:37:43.063Z] Platform:      win32
[debug] [2026-10-02T18:37:43.063Z] Node Version:  v22.20.0
[debug] [2026-10-02T18:37:43.063Z] Detected Agent: unknown
[debug] [2026-10-02T18:37:43.063Z] Time:          Fri Oct 02 2026 15:37:43 GMT-0300 (Horário Padrão de Brasília)
[debug] [2026-10-02T18:37:43.063Z] ----------------------------------------------------------------------
[debug] 
[info] 
     ######## #### ########  ######## ########     ###     ######  ########
     ##        ##  ##     ## ##       ##     ##  ##   ##  ##       ##
     ######    ##  ########  ######   ########  #########  ######  ######
     ##        ##  ##    ##  ##       ##     ## ##     ##       ## ##
     ##       #### ##     ## ######## ########  ##     ##  ######  ########

You're about to initialize a Firebase project in this directory:

  C:\Users\Cliente

Before we get started, keep in mind:

  * You are initializing within an existing Firebase project directory

[info] 
=== Project Setup
[info] 
[info] First, let's associate this project directory with a Firebase project.
[info] You can create multiple project aliases by running firebase use --add, 
[info] 
[debug] [2026-10-02T18:37:46.106Z] > command requires scopes: ["email","openid","https://www.googleapis.com/auth/cloudplatformprojects.readonly","https://www.googleapis.com/auth/firebase","https://www.googleapis.com/auth/cloud-platform"]
[debug] [2026-10-02T18:37:46.106Z] > authorizing via signed-in user (2anobescola01@gmail.com)
[debug] [2026-10-02T18:37:46.116Z] Checked if tokens are valid: false, expires at: 1774382612389
[debug] [2026-10-02T18:37:46.116Z] Checked if tokens are valid: false, expires at: 1774382612389
[debug] [2026-10-02T18:37:46.116Z] > refreshing access token with scopes: []
[debug] [2026-10-02T18:37:46.118Z] >>> [apiv2][query] POST https://www.googleapis.com/oauth2/v3/token [none]
[debug] [2026-10-02T18:37:46.118Z] >>> [apiv2][body] POST https://www.googleapis.com/oauth2/v3/token [omitted]
[debug] [2026-10-02T18:37:46.781Z] <<< [apiv2][status] POST https://www.googleapis.com/oauth2/v3/token 403
[debug] [2026-10-02T18:37:46.781Z] <<< [apiv2][body] POST https://www.googleapis.com/oauth2/v3/token [omitted]
[error] Authentication Error: Your credentials are no longer valid. Please run firebase login --reauth

For CI servers and headless environments, generate a new token with firebase login:ci
[error] Authentication Error: Your credentials are no longer valid. Please run firebase login --reauth

For CI servers and headless environments, generate a new token with firebase login:ci
[debug] [2026-10-02T18:37:46.782Z] Authentication Error: Your credentials are no longer valid. Please run firebase login --reauth

For CI servers and headless environments, generate a new token with firebase login:ci
[debug] [2026-10-02T18:37:47.045Z] FirebaseError: Authentication Error: Your credentials are no longer valid. Please run firebase login --reauth

For CI servers and headless environments, generate a new token with firebase login:ci
    at invalidCredentialError (C:\Users\Cliente\AppData\Roaming\npm\node_modules\firebase-tools\lib\auth.js:178:12)
    at refreshTokens (C:\Users\Cliente\AppData\Roaming\npm\node_modules\firebase-tools\lib\auth.js:607:15)
    at process.processTicksAndRejections (node:internal/process/task_queues:105:5)
    at async getAccessToken (C:\Users\Cliente\AppData\Roaming\npm\node_modules\firebase-tools\lib\apiv2.js:53:18)
    at async Client.addAuthHeader (C:\Users\Cliente\AppData\Roaming\npm\node_modules\firebase-tools\lib\apiv2.js:209:21)
    at async Client.request (C:\Users\Cliente\AppData\Roaming\npm\node_modules\firebase-tools\lib\apiv2.js:156:34)
    at async getFirebaseProject (C:\Users\Cliente\AppData\Roaming\npm\node_modules\firebase-tools\lib\management\projects.js:375:21)
    at async usingProject (C:\Users\Cliente\AppData\Roaming\npm\node_modules\firebase-tools\lib\init\features\project.js:77:16)
    at async Object.doSetup (C:\Users\Cliente\AppData\Roaming\npm\node_modules\firebase-tools\lib\init\features\project.js:29:9)
    at async init (C:\Users\Cliente\AppData\Roaming\npm\node_modules\firebase-tools\lib\init\index.js:98:13)
[error] 
[error] Error: Failed to get Firebase project futuroinvest-174b4. Please make sure the project exists and your account has permission to access it.
[debug] [2026-10-02T18:38:06.473Z] ----------------------------------------------------------------------
[debug] [2026-10-02T18:38:06.475Z] Command:       C:\Program Files\nodejs\node.exe C:\Users\Cliente\AppData\Roaming\npm\node_modules\firebase-tools\lib\bin\firebase.js use --add
[debug] [2026-10-02T18:38:06.475Z] CLI Version:   15.32.1
[debug] [2026-10-02T18:38:06.475Z] Platform:      win32
[debug] [2026-10-02T18:38:06.475Z] Node Version:  v22.20.0
[debug] [2026-10-02T18:38:06.475Z] Detected Agent: unknown
[debug] [2026-10-02T18:38:06.476Z] Time:          Fri Oct 02 2026 15:38:06 GMT-0300 (Horário Padrão de Brasília)
[debug] [2026-10-02T18:38:06.476Z] ----------------------------------------------------------------------
[debug] 
[debug] [2026-10-02T18:38:06.639Z] > command requires scopes: ["email","openid","https://www.googleapis.com/auth/cloudplatformprojects.readonly","https://www.googleapis.com/auth/firebase","https://www.googleapis.com/auth/cloud-platform"]
[debug] [2026-10-02T18:38:06.640Z] > authorizing via signed-in user (2anobescola01@gmail.com)
[debug] [2026-10-02T18:38:06.648Z] Checked if tokens are valid: false, expires at: 1774382612389
[debug] [2026-10-02T18:38:06.649Z] Checked if tokens are valid: false, expires at: 1774382612389
[debug] [2026-10-02T18:38:06.649Z] > refreshing access token with scopes: []
[debug] [2026-10-02T18:38:06.651Z] >>> [apiv2][query] POST https://www.googleapis.com/oauth2/v3/token [none]
[debug] [2026-10-02T18:38:06.651Z] >>> [apiv2][body] POST https://www.googleapis.com/oauth2/v3/token [omitted]
[debug] [2026-10-02T18:38:07.020Z] <<< [apiv2][status] POST https://www.googleapis.com/oauth2/v3/token 403
[debug] [2026-10-02T18:38:07.020Z] <<< [apiv2][body] POST https://www.googleapis.com/oauth2/v3/token [omitted]
[error] Authentication Error: Your credentials are no longer valid. Please run firebase login --reauth

For CI servers and headless environments, generate a new token with firebase login:ci
[error] Authentication Error: Your credentials are no longer valid. Please run firebase login --reauth

For CI servers and headless environments, generate a new token with firebase login:ci
[debug] [2026-10-02T18:38:07.021Z] Authentication Error: Your credentials are no longer valid. Please run firebase login --reauth

For CI servers and headless environments, generate a new token with firebase login:ci
[debug] [2026-10-02T18:38:07.289Z] FirebaseError: Authentication Error: Your credentials are no longer valid. Please run firebase login --reauth

For CI servers and headless environments, generate a new token with firebase login:ci
    at invalidCredentialError (C:\Users\Cliente\AppData\Roaming\npm\node_modules\firebase-tools\lib\auth.js:178:12)
    at refreshTokens (C:\Users\Cliente\AppData\Roaming\npm\node_modules\firebase-tools\lib\auth.js:607:15)
    at process.processTicksAndRejections (node:internal/process/task_queues:105:5)
    at async getAccessToken (C:\Users\Cliente\AppData\Roaming\npm\node_modules\firebase-tools\lib\apiv2.js:53:18)
    at async Client.addAuthHeader (C:\Users\Cliente\AppData\Roaming\npm\node_modules\firebase-tools\lib\apiv2.js:209:21)
    at async Client.request (C:\Users\Cliente\AppData\Roaming\npm\node_modules\firebase-tools\lib\apiv2.js:156:34)
    at async getProjectPage (C:\Users\Cliente\AppData\Roaming\npm\node_modules\firebase-tools\lib\management\projects.js:301:17)
    at async getFirebaseProjectPage (C:\Users\Cliente\AppData\Roaming\npm\node_modules\firebase-tools\lib\management\projects.js:318:23)
    at async listFirebaseProjects (C:\Users\Cliente\AppData\Roaming\npm\node_modules\firebase-tools\lib\management\projects.js:347:29)
    at async addAlias (C:\Users\Cliente\AppData\Roaming\npm\node_modules\firebase-tools\lib\commands\use.js:88:22)
[error] 
[error] Error: Failed to list Firebase projects. See firebase-debug.log for more info.
